
> gestaoeklesia@1.0.0 build
> next build

node.exe : [baseline-browser-mapping] The data in this module is over two months 
old.  To ensure accurate Baseline data, please update: `npm i 
baseline-browser-mapping@latest -D`
No linha:1 caractere:1
+ & "C:\Program Files\nodejs/node.exe" "C:\Program Files\nodejs/node_mo ...
+ ~~~~~~~~~~~~~~~~~~~~~~~~~~~~~~~~~~~~~~~~~~~~~~~~~~~~~~~~~~~~~~~~~~~~~
    + CategoryInfo          : NotSpecified: ([baseline-brows...ping@latest -D`:Stri 
   ng) [], RemoteException
    + FullyQualifiedErrorId : NativeCommandError
 
   Ôû▓ Next.js 16.0.5 (Turbopack)
   - Environments: .env.local

 ÔÜá The "middleware" file convention is deprecated. Please use "proxy" instead. 
Learn more: https://nextjs.org/docs/messages/middleware-to-proxy
   Creating an optimized production build ...
[baseline-browser-mapping] The data in this module is over two months old.  To 
ensure accurate Baseline data, please update: `npm i 
baseline-browser-mapping@latest -D`
 Ô£ô Compiled successfully in 17.0s
   Running TypeScript ...
Failed to compile.

./src/app/admin/ministerios/page.tsx:10:15
Type error: Module '"@/types/admin"' has no exported member 'Ministry'.

[0m [90m  8 |[39m [36mimport[39m { useAuth } [36mfrom[39m 
[32m'@/providers/AuthProvider'[39m
 [90m  9 |[39m [36mimport[39m [33mTrialSignupsWidget[39m [36mfrom[39m 
[32m'@/components/TrialSignupsWidget'[39m
[31m[1m>[22m[39m[90m 10 |[39m [36mimport[39m type { [33mMinistry[39m } 
[36mfrom[39m [32m'@/types/admin'[39m
 [90m    |[39m               [31m[1m^[22m[39m
 [90m 11 |[39m
 [90m 12 |[39m [36mexport[39m [36mdefault[39m [36mfunction[39m 
[33mMinisteriosPage[39m() {
 [90m 13 |[39m   [36mconst[39m { user[33m,[39m isLoading[33m,[39m 
isAuthenticated } [33m=[39m useAuth()[0m
Next.js build worker exited with code: 1 and signal: null
